Archive member included because of file (symbol)

c:/winavr-20100110/bin/../lib/gcc/avr/4.3.3/avr51\libgcc.a(_exit.o)
                              c:/winavr-20100110/bin/../lib/gcc/avr/4.3.3/../../../../avr/lib/avr51/crtusb1287.o (exit)
c:/winavr-20100110/bin/../lib/gcc/avr/4.3.3/avr51\libgcc.a(_clear_bss.o)
                              appusbsensormain.o (__do_clear_bss)

Allocating common symbols
Common symbol       size              file

adc_spi_count       0x1               appusbsensormain.o
debug_buffer_tail   0x1               serial_debug.o
usb_stack_connected
                    0x1               usb_stack.o
wInterface          0x2               hid_handler.o
global_state_poweron_ticks
                    0x4               appusbsensormain.o
last_packet_ticks   0x4               appusbsensormain.o
timer_value         0x4               appusbsensormain.o
adc_spi_in          0x2               appusbsensormain.o
global_state_poweron_stable
                    0x1               appusbsensormain.o
timer_last_compare  0x2               appusbsensormain.o
usb_stack_event     0x2               usb_stack.o
last_packet_number  0x2               appusbsensormain.o
debug_buffer        0xff              serial_debug.o
sample_packets      0x74              appusbsensormain.o
global_teds         0x95              appusbsensormain.o
debug_buffer_head   0x1               serial_debug.o
usb_stack_configuration_number
                    0x1               usb_stack_std.o
adc_spi_out         0x2               appusbsensormain.o
timer_compare_index
                    0x1               appusbsensormain.o
adc_accum           0x2               appusbsensormain.o
adc_state           0x1               appusbsensormain.o

Memory Configuration

Name             Origin             Length             Attributes
text             0x00000000         0x00020000         xr
data             0x00800100         0x0000ffa0         rw !x
eeprom           0x00810000         0x00010000         rw !x
*default*        0x00000000         0xffffffff

Linker script and memory map

Address of section .data set to 0x800100
LOAD c:/winavr-20100110/bin/../lib/gcc/avr/4.3.3/../../../../avr/lib/avr51/crtusb1287.o
LOAD appusbsensormain.o
LOAD usb_stack.o
LOAD usb_stack_std.o
LOAD usb_drv_wrap.o
LOAD hid_handler.o
LOAD serial_debug.o
LOAD teds.o
LOAD c:/winavr-20100110/bin/../lib/gcc/avr/4.3.3/avr51\libgcc.a
LOAD c:/winavr-20100110/bin/../lib/gcc/avr/4.3.3/../../../../avr/lib/avr51\libc.a
LOAD c:/winavr-20100110/bin/../lib/gcc/avr/4.3.3/avr51\libgcc.a

.hash
 *(.hash)

.dynsym
 *(.dynsym)

.dynstr
 *(.dynstr)

.gnu.version
 *(.gnu.version)

.gnu.version_d
 *(.gnu.version_d)

.gnu.version_r
 *(.gnu.version_r)

.rel.init
 *(.rel.init)

.rela.init
 *(.rela.init)

.rel.text
 *(.rel.text)
 *(.rel.text.*)
 *(.rel.gnu.linkonce.t*)

.rela.text
 *(.rela.text)
 *(.rela.text.*)
 *(.rela.gnu.linkonce.t*)

.rel.fini
 *(.rel.fini)

.rela.fini
 *(.rela.fini)

.rel.rodata
 *(.rel.rodata)
 *(.rel.rodata.*)
 *(.rel.gnu.linkonce.r*)

.rela.rodata
 *(.rela.rodata)
 *(.rela.rodata.*)
 *(.rela.gnu.linkonce.r*)

.rel.data
 *(.rel.data)
 *(.rel.data.*)
 *(.rel.gnu.linkonce.d*)

.rela.data
 *(.rela.data)
 *(.rela.data.*)
 *(.rela.gnu.linkonce.d*)

.rel.ctors
 *(.rel.ctors)

.rela.ctors
 *(.rela.ctors)

.rel.dtors
 *(.rel.dtors)

.rela.dtors
 *(.rela.dtors)

.rel.got
 *(.rel.got)

.rela.got
 *(.rela.got)

.rel.bss
 *(.rel.bss)

.rela.bss
 *(.rela.bss)

.rel.plt
 *(.rel.plt)

.rela.plt
 *(.rela.plt)

.text           0x00000000     0x170c
 *(.vectors)
 .vectors       0x00000000       0x98 c:/winavr-20100110/bin/../lib/gcc/avr/4.3.3/../../../../avr/lib/avr51/crtusb1287.o
                0x00000000                __vectors
                0x00000098                __ctors_start = .
 *(.ctors)
                0x00000098                __ctors_end = .
                0x00000098                __dtors_start = .
 *(.dtors)
                0x00000098                __dtors_end = .
 *(.progmem.gcc*)
 *(.progmem*)
 .progmem.data  0x00000098       0x71 usb_stack_std.o
                0x00000098                usb_hid_report_descriptor
                0x0000010a                . = ALIGN (0x2)
 *fill*         0x00000109        0x1 00
 *(.init0)
 .init0         0x0000010a        0x0 c:/winavr-20100110/bin/../lib/gcc/avr/4.3.3/../../../../avr/lib/avr51/crtusb1287.o
                0x0000010a                __init
 *(.init1)
 *(.init2)
 .init2         0x0000010a        0xc c:/winavr-20100110/bin/../lib/gcc/avr/4.3.3/../../../../avr/lib/avr51/crtusb1287.o
 *(.init3)
 *(.init4)
 .init4         0x00000116       0x1a c:/winavr-20100110/bin/../lib/gcc/avr/4.3.3/../../../../avr/lib/avr51/crtusb1287.o
                0x00000116                __do_copy_data
 .init4         0x00000130       0x10 c:/winavr-20100110/bin/../lib/gcc/avr/4.3.3/avr51\libgcc.a(_clear_bss.o)
                0x00000130                __do_clear_bss
 *(.init5)
 *(.init6)
 *(.init7)
 *(.init8)
 *(.init9)
 .init9         0x00000140        0x8 c:/winavr-20100110/bin/../lib/gcc/avr/4.3.3/../../../../avr/lib/avr51/crtusb1287.o
 *(.text)
 .text          0x00000148        0x4 c:/winavr-20100110/bin/../lib/gcc/avr/4.3.3/../../../../avr/lib/avr51/crtusb1287.o
                0x00000148                __vector_22
                0x00000148                __vector_28
                0x00000148                __vector_1
                0x00000148                __vector_32
                0x00000148                __vector_34
                0x00000148                __vector_12
                0x00000148                __bad_interrupt
                0x00000148                __vector_6
                0x00000148                __vector_31
                0x00000148                __vector_35
                0x00000148                __vector_3
                0x00000148                __vector_23
                0x00000148                __vector_30
                0x00000148                __vector_25
                0x00000148                __vector_11
                0x00000148                __vector_13
                0x00000148                __vector_17
                0x00000148                __vector_19
                0x00000148                __vector_7
                0x00000148                __vector_27
                0x00000148                __vector_5
                0x00000148                __vector_33
                0x00000148                __vector_37
                0x00000148                __vector_4
                0x00000148                __vector_9
                0x00000148                __vector_2
                0x00000148                __vector_21
                0x00000148                __vector_15
                0x00000148                __vector_36
                0x00000148                __vector_29
                0x00000148                __vector_8
                0x00000148                __vector_26
                0x00000148                __vector_14
                0x00000148                __vector_16
                0x00000148                __vector_18
 .text          0x0000014c      0x7b2 appusbsensormain.o
                0x0000047a                accum_sample
                0x0000044c                accum_sample_p
                0x000005da                __vector_24
                0x00000226                adc_sample
                0x0000020a                adc_spi_deassert
                0x00000776                usb_stack_hid_user_process_report
                0x00000334                adc_initialize
                0x00000192                send_report_FEATURE_QUERY_TEDS_PAGE
                0x00000256                adc_timer_next_compare
                0x000006de                service_hid_interrupt_endpoint
                0x0000064a                service_hid_send_samples_report
                0x000004aa                __vector_default
                0x00000844                main
                0x00000498                appusbsensor_poweron_stable
                0x0000020e                adc_spi_transfer
                0x00000702                usb_stack_hid_user_get_report
                0x00000372                flip_sample_packet
                0x0000075c                recv_report_OUT_CMD_RESET_TEDS
                0x00000206                adc_spi_assert
                0x00000318                adc_timer_start
                0x000007be                service_teds_state
                0x000001e4                appusbsensor_set_configuration
                0x0000014c                send_report_FEATURE_QUERY_TEDS_STATE
                0x00000290                __vector_20
                0x000004fe                adc_spi_xfer_complete
 .text          0x000008fe      0x2a0 usb_stack.o
                0x00000b26                usb_stack_service
                0x000008fe                usb_stack_init_device
                0x00000974                __vector_10
 .text          0x00000b9e      0x614 usb_stack_std.o
                0x00000ca2                usb_stack_std_get_interface
                0x00000d3e                usb_stack_std_get_descriptor
                0x00000b9e                usb_stack_std_set_feature
                0x00001068                usb_stack_user_endpoint_init
                0x00000f08                usb_stack_std_clear_feature
                0x00000c20                usb_stack_std_get_status
                0x00000cd6                usb_stack_read_control_write
                0x000010a4                usb_stack_std_process_request
                0x0000101c                usb_stack_std_get_configuration
                0x00000d08                usb_stack_ack_control_write
                0x00001078                usb_stack_std_set_configuration
                0x00000cb8                usb_stack_std_set_interface
                0x00000fd0                usb_stack_std_set_address
 .text          0x000011b2       0xc8 usb_drv_wrap.o
                0x000011e2                usb_select_enpoint_interrupt
                0x0000121a                usb_read_packet
                0x0000124a                usb_init_device
                0x000011fa                usb_send_packet
                0x000011b2                usb_config_ep
                0x0000123a                usb_halt_endpoint
 .text          0x0000127a      0x104 hid_handler.o
                0x000012b8                process_user_get_interface_request
                0x0000127a                process_user_set_configuration_request
                0x000012f0                usb_stack_user_process_request
 .text          0x0000137e      0x1ea serial_debug.o
                0x00001396                debug_service
                0x00001450                debug_write_nl
                0x0000148e                debug_write_hex
                0x00001404                debug_write_string
                0x0000137e                debug_init
                0x000013d2                debug_service_all
                0x000013e6                debug_write
 .text          0x00001568      0x1a0 teds.o
                0x00001574                teds_port_deassert
                0x0000157a                teds_port_passive_input
                0x00001580                teds_port_sample
                0x0000160e                teds_read_app
                0x00001586                teds_init
                0x00001568                teds_port_active_input
                0x000015e2                teds_write_byte
                0x00001686                teds_read_status
                0x0000164a                teds_read_rom33
                0x000016ae                teds_read_memory
                0x00001606                teds_read_byte
                0x0000158c                teds_detect
                0x000015b4                teds_io
                0x0000156e                teds_port_assert
 .text          0x00001708        0x0 c:/winavr-20100110/bin/../lib/gcc/avr/4.3.3/avr51\libgcc.a(_exit.o)
 .text          0x00001708        0x0 c:/winavr-20100110/bin/../lib/gcc/avr/4.3.3/avr51\libgcc.a(_clear_bss.o)
                0x00001708                . = ALIGN (0x2)
 *(.text.*)
 .text.libgcc   0x00001708        0x0 c:/winavr-20100110/bin/../lib/gcc/avr/4.3.3/avr51\libgcc.a(_exit.o)
 .text.libgcc   0x00001708        0x0 c:/winavr-20100110/bin/../lib/gcc/avr/4.3.3/avr51\libgcc.a(_clear_bss.o)
                0x00001708                . = ALIGN (0x2)
 *(.fini9)
 .fini9         0x00001708        0x0 c:/winavr-20100110/bin/../lib/gcc/avr/4.3.3/avr51\libgcc.a(_exit.o)
                0x00001708                exit
                0x00001708                _exit
 *(.fini8)
 *(.fini7)
 *(.fini6)
 *(.fini5)
 *(.fini4)
 *(.fini3)
 *(.fini2)
 *(.fini1)
 *(.fini0)
 .fini0         0x00001708        0x4 c:/winavr-20100110/bin/../lib/gcc/avr/4.3.3/avr51\libgcc.a(_exit.o)
                0x0000170c                _etext = .

.trampolines    0x0000170c        0x0
 .trampolines   0x0000170c        0x0 linker stubs

.data           0x00800100      0x16c load address 0x0000170c
                0x00800100                PROVIDE (__data_start, .)
 *(.data)
 .data          0x00800100        0x0 c:/winavr-20100110/bin/../lib/gcc/avr/4.3.3/../../../../avr/lib/avr51/crtusb1287.o
 .data          0x00800100       0xa1 appusbsensormain.o
                0x0080019d                TIMER_COMPARE_LENGTH
                0x0080019f                lock_sample_packet_index
                0x00800195                TIMER_COMPARE_VALUES
                0x008001a0                can_read_sample_packet_index
                0x0080019e                samples_per_packet
 .data          0x008001a1        0x0 usb_stack.o
 .data          0x008001a1       0xcb usb_stack_std.o
                0x00800268                usb_user_language_id
                0x008001b3                usb_dev_desc
                0x00800208                usb_user_product_string_descriptor
                0x0080024c                usb_user_serial_number
                0x008001ee                usb_user_manufacturer_string_descriptor
                0x008001c5                usb_conf_desc
 .data          0x0080026c        0x0 usb_drv_wrap.o
 .data          0x0080026c        0x0 hid_handler.o
 .data          0x0080026c        0x0 serial_debug.o
 .data          0x0080026c        0x0 teds.o
 .data          0x0080026c        0x0 c:/winavr-20100110/bin/../lib/gcc/avr/4.3.3/avr51\libgcc.a(_exit.o)
 .data          0x0080026c        0x0 c:/winavr-20100110/bin/../lib/gcc/avr/4.3.3/avr51\libgcc.a(_clear_bss.o)
 *(.gnu.linkonce.d*)
                0x0080026c                . = ALIGN (0x2)
                0x0080026c                _edata = .
                0x0080026c                PROVIDE (__data_end, .)

.bss            0x0080026c      0x22d load address 0x00001878
                0x0080026c                PROVIDE (__bss_start, .)
 *(.bss)
 .bss           0x0080026c        0x0 c:/winavr-20100110/bin/../lib/gcc/avr/4.3.3/../../../../avr/lib/avr51/crtusb1287.o
 .bss           0x0080026c        0x2 appusbsensormain.o
                0x0080026d                requested_report_type
                0x0080026c                write_sample_packet_index
 .bss           0x0080026e        0x0 usb_stack.o
 .bss           0x0080026e        0x1 usb_stack_std.o
 .bss           0x0080026f        0x0 usb_drv_wrap.o
 .bss           0x0080026f        0x0 hid_handler.o
 .bss           0x0080026f        0x0 serial_debug.o
 .bss           0x0080026f        0x0 teds.o
 .bss           0x0080026f        0x0 c:/winavr-20100110/bin/../lib/gcc/avr/4.3.3/avr51\libgcc.a(_exit.o)
 .bss           0x0080026f        0x0 c:/winavr-20100110/bin/../lib/gcc/avr/4.3.3/avr51\libgcc.a(_clear_bss.o)
 *(COMMON)
 COMMON         0x0080026f      0x123 appusbsensormain.o
                0x0080026f                adc_spi_count
                0x00800270                global_state_poweron_ticks
                0x00800274                last_packet_ticks
                0x00800278                timer_value
                0x0080027c                adc_spi_in
                0x0080027e                global_state_poweron_stable
                0x0080027f                timer_last_compare
                0x00800281                last_packet_number
                0x00800283                sample_packets
                0x008002f7                global_teds
                0x0080038c                adc_spi_out
                0x0080038e                timer_compare_index
                0x0080038f                adc_accum
                0x00800391                adc_state
 COMMON         0x00800392        0x3 usb_stack.o
                0x00800392                usb_stack_connected
                0x00800393                usb_stack_event
 COMMON         0x00800395        0x1 usb_stack_std.o
                0x00800395                usb_stack_configuration_number
 COMMON         0x00800396        0x2 hid_handler.o
                0x00800396                wInterface
 COMMON         0x00800398      0x101 serial_debug.o
                0x00800398                debug_buffer_tail
                0x00800399                debug_buffer
                0x00800498                debug_buffer_head
                0x00800499                PROVIDE (__bss_end, .)
                0x0000170c                __data_load_start = LOADADDR (.data)
                0x00001878                __data_load_end = (__data_load_start + SIZEOF (.data))

.noinit         0x00800499        0x0
                0x00800499                PROVIDE (__noinit_start, .)
 *(.noinit*)
                0x00800499                PROVIDE (__noinit_end, .)
                0x00800499                _end = .
                0x00800499                PROVIDE (__heap_start, .)

.eeprom         0x00810000        0x0
 *(.eeprom*)
                0x00810000                __eeprom_end = .

.stab
 *(.stab)

.stabstr
 *(.stabstr)

.stab.excl
 *(.stab.excl)

.stab.exclstr
 *(.stab.exclstr)

.stab.index
 *(.stab.index)

.stab.indexstr
 *(.stab.indexstr)

.comment
 *(.comment)

.debug
 *(.debug)

.line
 *(.line)

.debug_srcinfo
 *(.debug_srcinfo)

.debug_sfnames
 *(.debug_sfnames)

.debug_aranges  0x00000000       0xe0
 *(.debug_aranges)
 .debug_aranges
                0x00000000       0x20 appusbsensormain.o
 .debug_aranges
                0x00000020       0x20 usb_stack.o
 .debug_aranges
                0x00000040       0x20 usb_stack_std.o
 .debug_aranges
                0x00000060       0x20 usb_drv_wrap.o
 .debug_aranges
                0x00000080       0x20 hid_handler.o
 .debug_aranges
                0x000000a0       0x20 serial_debug.o
 .debug_aranges
                0x000000c0       0x20 teds.o

.debug_pubnames
                0x00000000      0xab7
 *(.debug_pubnames)
 .debug_pubnames
                0x00000000      0x46a appusbsensormain.o
 .debug_pubnames
                0x0000046a       0x7e usb_stack.o
 .debug_pubnames
                0x000004e8      0x2a3 usb_stack_std.o
 .debug_pubnames
                0x0000078b       0x97 usb_drv_wrap.o
 .debug_pubnames
                0x00000822       0x96 hid_handler.o
 .debug_pubnames
                0x000008b8       0xd4 serial_debug.o
 .debug_pubnames
                0x0000098c      0x12b teds.o

.debug_info     0x00000000     0x1f3a
 *(.debug_info)
 .debug_info    0x00000000      0x8fd appusbsensormain.o
 .debug_info    0x000008fd      0x10d usb_stack.o
 .debug_info    0x00000a0a      0xa33 usb_stack_std.o
 .debug_info    0x0000143d      0x1f3 usb_drv_wrap.o
 .debug_info    0x00001630      0x173 hid_handler.o
 .debug_info    0x000017a3      0x2de serial_debug.o
 .debug_info    0x00001a81      0x4b9 teds.o
 *(.gnu.linkonce.wi.*)

.debug_abbrev   0x00000000      0xb14
 *(.debug_abbrev)
 .debug_abbrev  0x00000000      0x307 appusbsensormain.o
 .debug_abbrev  0x00000307       0x91 usb_stack.o
 .debug_abbrev  0x00000398      0x2be usb_stack_std.o
 .debug_abbrev  0x00000656       0xcc usb_drv_wrap.o
 .debug_abbrev  0x00000722       0xbb hid_handler.o
 .debug_abbrev  0x000007dd      0x17c serial_debug.o
 .debug_abbrev  0x00000959      0x1bb teds.o

.debug_line     0x00000000     0x1d06
 *(.debug_line)
 .debug_line    0x00000000      0x91c appusbsensormain.o
 .debug_line    0x0000091c      0x2aa usb_stack.o
 .debug_line    0x00000bc6      0x782 usb_stack_std.o
 .debug_line    0x00001348      0x1b9 usb_drv_wrap.o
 .debug_line    0x00001501      0x1ab hid_handler.o
 .debug_line    0x000016ac      0x2b1 serial_debug.o
 .debug_line    0x0000195d      0x3a9 teds.o

.debug_frame    0x00000000      0x4f0
 *(.debug_frame)
 .debug_frame   0x00000000      0x1a0 appusbsensormain.o
 .debug_frame   0x000001a0       0x50 usb_stack.o
 .debug_frame   0x000001f0       0xe0 usb_stack_std.o
 .debug_frame   0x000002d0       0x70 usb_drv_wrap.o
 .debug_frame   0x00000340       0x40 hid_handler.o
 .debug_frame   0x00000380       0x80 serial_debug.o
 .debug_frame   0x00000400       0xf0 teds.o

.debug_str      0x00000000     0x101d
 *(.debug_str)
 .debug_str     0x00000000      0x600 appusbsensormain.o
                                0x68f (size before relaxing)
 .debug_str     0x00000600       0x87 usb_stack.o
                                0x17f (size before relaxing)
 .debug_str     0x00000687      0x624 usb_stack_std.o
                                0x77f (size before relaxing)
 .debug_str     0x00000cab       0xd6 usb_drv_wrap.o
                                0x1ce (size before relaxing)
 .debug_str     0x00000d81       0xc3 hid_handler.o
                                0x1d5 (size before relaxing)
 .debug_str     0x00000e44       0xb8 serial_debug.o
                                0x1c2 (size before relaxing)
 .debug_str     0x00000efc      0x121 teds.o
                                0x269 (size before relaxing)

.debug_loc      0x00000000      0xa34
 *(.debug_loc)
 .debug_loc     0x00000000      0x337 appusbsensormain.o
 .debug_loc     0x00000337      0x30d usb_stack_std.o
 .debug_loc     0x00000644      0x101 usb_drv_wrap.o
 .debug_loc     0x00000745       0xe3 hid_handler.o
 .debug_loc     0x00000828       0x77 serial_debug.o
 .debug_loc     0x0000089f      0x195 teds.o

.debug_macinfo
 *(.debug_macinfo)
OUTPUT(appusbsensor.elf elf32-avr)
LOAD linker stubs

.debug_ranges   0x00000000       0x30
 .debug_ranges  0x00000000       0x18 usb_stack_std.o
 .debug_ranges  0x00000018       0x18 serial_debug.o

Cross Reference Table

Symbol                                            File
TIMER_COMPARE_LENGTH                              appusbsensormain.o
TIMER_COMPARE_VALUES                              appusbsensormain.o
__bad_interrupt                                   c:/winavr-20100110/bin/../lib/gcc/avr/4.3.3/../../../../avr/lib/avr51/crtusb1287.o
__bss_end                                         c:/winavr-20100110/bin/../lib/gcc/avr/4.3.3/avr51\libgcc.a(_clear_bss.o)
__bss_start                                       c:/winavr-20100110/bin/../lib/gcc/avr/4.3.3/avr51\libgcc.a(_clear_bss.o)
__data_end                                        c:/winavr-20100110/bin/../lib/gcc/avr/4.3.3/../../../../avr/lib/avr51/crtusb1287.o
__data_load_start                                 c:/winavr-20100110/bin/../lib/gcc/avr/4.3.3/../../../../avr/lib/avr51/crtusb1287.o
__data_start                                      c:/winavr-20100110/bin/../lib/gcc/avr/4.3.3/../../../../avr/lib/avr51/crtusb1287.o
__do_clear_bss                                    c:/winavr-20100110/bin/../lib/gcc/avr/4.3.3/avr51\libgcc.a(_clear_bss.o)
                                                  serial_debug.o
                                                  hid_handler.o
                                                  usb_stack_std.o
                                                  usb_stack.o
                                                  appusbsensormain.o
__do_copy_data                                    c:/winavr-20100110/bin/../lib/gcc/avr/4.3.3/../../../../avr/lib/avr51/crtusb1287.o
                                                  usb_stack_std.o
                                                  appusbsensormain.o
__heap_end                                        c:/winavr-20100110/bin/../lib/gcc/avr/4.3.3/../../../../avr/lib/avr51/crtusb1287.o
__init                                            c:/winavr-20100110/bin/../lib/gcc/avr/4.3.3/../../../../avr/lib/avr51/crtusb1287.o
__stack                                           c:/winavr-20100110/bin/../lib/gcc/avr/4.3.3/../../../../avr/lib/avr51/crtusb1287.o
__vector_1                                        c:/winavr-20100110/bin/../lib/gcc/avr/4.3.3/../../../../avr/lib/avr51/crtusb1287.o
__vector_10                                       usb_stack.o
                                                  c:/winavr-20100110/bin/../lib/gcc/avr/4.3.3/../../../../avr/lib/avr51/crtusb1287.o
__vector_11                                       c:/winavr-20100110/bin/../lib/gcc/avr/4.3.3/../../../../avr/lib/avr51/crtusb1287.o
__vector_12                                       c:/winavr-20100110/bin/../lib/gcc/avr/4.3.3/../../../../avr/lib/avr51/crtusb1287.o
__vector_13                                       c:/winavr-20100110/bin/../lib/gcc/avr/4.3.3/../../../../avr/lib/avr51/crtusb1287.o
__vector_14                                       c:/winavr-20100110/bin/../lib/gcc/avr/4.3.3/../../../../avr/lib/avr51/crtusb1287.o
__vector_15                                       c:/winavr-20100110/bin/../lib/gcc/avr/4.3.3/../../../../avr/lib/avr51/crtusb1287.o
__vector_16                                       c:/winavr-20100110/bin/../lib/gcc/avr/4.3.3/../../../../avr/lib/avr51/crtusb1287.o
__vector_17                                       c:/winavr-20100110/bin/../lib/gcc/avr/4.3.3/../../../../avr/lib/avr51/crtusb1287.o
__vector_18                                       c:/winavr-20100110/bin/../lib/gcc/avr/4.3.3/../../../../avr/lib/avr51/crtusb1287.o
__vector_19                                       c:/winavr-20100110/bin/../lib/gcc/avr/4.3.3/../../../../avr/lib/avr51/crtusb1287.o
__vector_2                                        c:/winavr-20100110/bin/../lib/gcc/avr/4.3.3/../../../../avr/lib/avr51/crtusb1287.o
__vector_20                                       appusbsensormain.o
                                                  c:/winavr-20100110/bin/../lib/gcc/avr/4.3.3/../../../../avr/lib/avr51/crtusb1287.o
__vector_21                                       c:/winavr-20100110/bin/../lib/gcc/avr/4.3.3/../../../../avr/lib/avr51/crtusb1287.o
__vector_22                                       c:/winavr-20100110/bin/../lib/gcc/avr/4.3.3/../../../../avr/lib/avr51/crtusb1287.o
__vector_23                                       c:/winavr-20100110/bin/../lib/gcc/avr/4.3.3/../../../../avr/lib/avr51/crtusb1287.o
__vector_24                                       appusbsensormain.o
                                                  c:/winavr-20100110/bin/../lib/gcc/avr/4.3.3/../../../../avr/lib/avr51/crtusb1287.o
__vector_25                                       c:/winavr-20100110/bin/../lib/gcc/avr/4.3.3/../../../../avr/lib/avr51/crtusb1287.o
__vector_26                                       c:/winavr-20100110/bin/../lib/gcc/avr/4.3.3/../../../../avr/lib/avr51/crtusb1287.o
__vector_27                                       c:/winavr-20100110/bin/../lib/gcc/avr/4.3.3/../../../../avr/lib/avr51/crtusb1287.o
__vector_28                                       c:/winavr-20100110/bin/../lib/gcc/avr/4.3.3/../../../../avr/lib/avr51/crtusb1287.o
__vector_29                                       c:/winavr-20100110/bin/../lib/gcc/avr/4.3.3/../../../../avr/lib/avr51/crtusb1287.o
__vector_3                                        c:/winavr-20100110/bin/../lib/gcc/avr/4.3.3/../../../../avr/lib/avr51/crtusb1287.o
__vector_30                                       c:/winavr-20100110/bin/../lib/gcc/avr/4.3.3/../../../../avr/lib/avr51/crtusb1287.o
__vector_31                                       c:/winavr-20100110/bin/../lib/gcc/avr/4.3.3/../../../../avr/lib/avr51/crtusb1287.o
__vector_32                                       c:/winavr-20100110/bin/../lib/gcc/avr/4.3.3/../../../../avr/lib/avr51/crtusb1287.o
__vector_33                                       c:/winavr-20100110/bin/../lib/gcc/avr/4.3.3/../../../../avr/lib/avr51/crtusb1287.o
__vector_34                                       c:/winavr-20100110/bin/../lib/gcc/avr/4.3.3/../../../../avr/lib/avr51/crtusb1287.o
__vector_35                                       c:/winavr-20100110/bin/../lib/gcc/avr/4.3.3/../../../../avr/lib/avr51/crtusb1287.o
__vector_36                                       c:/winavr-20100110/bin/../lib/gcc/avr/4.3.3/../../../../avr/lib/avr51/crtusb1287.o
__vector_37                                       c:/winavr-20100110/bin/../lib/gcc/avr/4.3.3/../../../../avr/lib/avr51/crtusb1287.o
__vector_4                                        c:/winavr-20100110/bin/../lib/gcc/avr/4.3.3/../../../../avr/lib/avr51/crtusb1287.o
__vector_5                                        c:/winavr-20100110/bin/../lib/gcc/avr/4.3.3/../../../../avr/lib/avr51/crtusb1287.o
__vector_6                                        c:/winavr-20100110/bin/../lib/gcc/avr/4.3.3/../../../../avr/lib/avr51/crtusb1287.o
__vector_7                                        c:/winavr-20100110/bin/../lib/gcc/avr/4.3.3/../../../../avr/lib/avr51/crtusb1287.o
__vector_8                                        c:/winavr-20100110/bin/../lib/gcc/avr/4.3.3/../../../../avr/lib/avr51/crtusb1287.o
__vector_9                                        c:/winavr-20100110/bin/../lib/gcc/avr/4.3.3/../../../../avr/lib/avr51/crtusb1287.o
__vector_default                                  appusbsensormain.o
                                                  c:/winavr-20100110/bin/../lib/gcc/avr/4.3.3/../../../../avr/lib/avr51/crtusb1287.o
__vectors                                         c:/winavr-20100110/bin/../lib/gcc/avr/4.3.3/../../../../avr/lib/avr51/crtusb1287.o
_exit                                             c:/winavr-20100110/bin/../lib/gcc/avr/4.3.3/avr51\libgcc.a(_exit.o)
accum_sample                                      appusbsensormain.o
accum_sample_p                                    appusbsensormain.o
adc_accum                                         appusbsensormain.o
adc_initialize                                    appusbsensormain.o
adc_sample                                        appusbsensormain.o
adc_spi_assert                                    appusbsensormain.o
adc_spi_count                                     appusbsensormain.o
adc_spi_deassert                                  appusbsensormain.o
adc_spi_in                                        appusbsensormain.o
adc_spi_out                                       appusbsensormain.o
adc_spi_transfer                                  appusbsensormain.o
adc_spi_xfer_complete                             appusbsensormain.o
adc_state                                         appusbsensormain.o
adc_timer_next_compare                            appusbsensormain.o
adc_timer_start                                   appusbsensormain.o
appusbsensor_poweron_stable                       appusbsensormain.o
appusbsensor_set_configuration                    appusbsensormain.o
                                                  usb_stack_std.o
can_read_sample_packet_index                      appusbsensormain.o
debug_buffer                                      serial_debug.o
debug_buffer_head                                 serial_debug.o
debug_buffer_tail                                 serial_debug.o
debug_init                                        serial_debug.o
                                                  appusbsensormain.o
debug_service                                     serial_debug.o
                                                  appusbsensormain.o
debug_service_all                                 serial_debug.o
debug_write                                       serial_debug.o
                                                  usb_stack_std.o
debug_write_hex                                   serial_debug.o
                                                  usb_stack_std.o
                                                  appusbsensormain.o
debug_write_nl                                    serial_debug.o
                                                  usb_stack_std.o
                                                  appusbsensormain.o
debug_write_string                                serial_debug.o
                                                  usb_stack_std.o
                                                  appusbsensormain.o
exit                                              c:/winavr-20100110/bin/../lib/gcc/avr/4.3.3/avr51\libgcc.a(_exit.o)
                                                  c:/winavr-20100110/bin/../lib/gcc/avr/4.3.3/../../../../avr/lib/avr51/crtusb1287.o
flip_sample_packet                                appusbsensormain.o
global_state_poweron_stable                       appusbsensormain.o
global_state_poweron_ticks                        appusbsensormain.o
global_teds                                       appusbsensormain.o
last_packet_number                                appusbsensormain.o
last_packet_ticks                                 appusbsensormain.o
lock_sample_packet_index                          appusbsensormain.o
main                                              appusbsensormain.o
                                                  c:/winavr-20100110/bin/../lib/gcc/avr/4.3.3/../../../../avr/lib/avr51/crtusb1287.o
process_user_get_interface_request                hid_handler.o
process_user_set_configuration_request            hid_handler.o
recv_report_OUT_CMD_RESET_TEDS                    appusbsensormain.o
requested_report_type                             appusbsensormain.o
sample_packets                                    appusbsensormain.o
samples_per_packet                                appusbsensormain.o
send_report_FEATURE_QUERY_TEDS_PAGE               appusbsensormain.o
send_report_FEATURE_QUERY_TEDS_STATE              appusbsensormain.o
service_hid_interrupt_endpoint                    appusbsensormain.o
service_hid_send_samples_report                   appusbsensormain.o
service_teds_state                                appusbsensormain.o
teds_detect                                       teds.o
teds_init                                         teds.o
                                                  appusbsensormain.o
teds_io                                           teds.o
teds_port_active_input                            teds.o
teds_port_assert                                  teds.o
teds_port_deassert                                teds.o
teds_port_passive_input                           teds.o
teds_port_sample                                  teds.o
teds_read_app                                     teds.o
                                                  appusbsensormain.o
teds_read_byte                                    teds.o
teds_read_memory                                  teds.o
                                                  appusbsensormain.o
teds_read_rom33                                   teds.o
                                                  appusbsensormain.o
teds_read_status                                  teds.o
                                                  appusbsensormain.o
teds_write_byte                                   teds.o
timer_compare_index                               appusbsensormain.o
timer_last_compare                                appusbsensormain.o
timer_value                                       appusbsensormain.o
usb_conf_desc                                     usb_stack_std.o
usb_config_ep                                     usb_drv_wrap.o
                                                  usb_stack_std.o
                                                  usb_stack.o
usb_dev_desc                                      usb_stack_std.o
usb_halt_endpoint                                 usb_drv_wrap.o
usb_hid_report_descriptor                         usb_stack_std.o
usb_init_device                                   usb_drv_wrap.o
                                                  usb_stack.o
usb_read_packet                                   usb_drv_wrap.o
usb_select_enpoint_interrupt                      usb_drv_wrap.o
usb_send_packet                                   usb_drv_wrap.o
usb_stack_ack_control_write                       usb_stack_std.o
                                                  appusbsensormain.o
usb_stack_configuration_number                    usb_stack_std.o
                                                  appusbsensormain.o
usb_stack_connected                               usb_stack.o
usb_stack_event                                   usb_stack.o
usb_stack_hid_user_get_report                     appusbsensormain.o
                                                  hid_handler.o
usb_stack_hid_user_process_report                 appusbsensormain.o
                                                  hid_handler.o
usb_stack_init_device                             usb_stack.o
                                                  appusbsensormain.o
usb_stack_read_control_write                      usb_stack_std.o
                                                  appusbsensormain.o
usb_stack_service                                 usb_stack.o
                                                  appusbsensormain.o
usb_stack_std_clear_feature                       usb_stack_std.o
usb_stack_std_get_configuration                   usb_stack_std.o
usb_stack_std_get_descriptor                      usb_stack_std.o
usb_stack_std_get_interface                       usb_stack_std.o
usb_stack_std_get_status                          usb_stack_std.o
usb_stack_std_process_request                     usb_stack_std.o
                                                  usb_stack.o
usb_stack_std_set_address                         usb_stack_std.o
usb_stack_std_set_configuration                   usb_stack_std.o
usb_stack_std_set_feature                         usb_stack_std.o
usb_stack_std_set_interface                       usb_stack_std.o
usb_stack_user_endpoint_init                      usb_stack_std.o
usb_stack_user_process_request                    hid_handler.o
                                                  usb_stack_std.o
usb_user_language_id                              usb_stack_std.o
usb_user_manufacturer_string_descriptor           usb_stack_std.o
usb_user_product_string_descriptor                usb_stack_std.o
usb_user_serial_number                            usb_stack_std.o
wInterface                                        hid_handler.o
write_sample_packet_index                         appusbsensormain.o
