Archive member included because of file (symbol)

c:/winavr-20100110/bin/../lib/gcc/avr/4.3.3/avr51\libgcc.a(_exit.o)
                              c:/winavr-20100110/bin/../lib/gcc/avr/4.3.3/../../../../avr/lib/avr51/crtusb1287.o (exit)
c:/winavr-20100110/bin/../lib/gcc/avr/4.3.3/avr51\libgcc.a(_clear_bss.o)
                              appusbsensormain.o (__do_clear_bss)

Allocating common symbols
Common symbol       size              file

adc_spi_count       0x1               appusbsensormain.o
last_packetticks    0x1               appusbsensormain.o
debug_buffertail    0x1               serial_debug.o
usb_stack_connected
                    0x1               usb_stack.o
wInterface          0x2               hid_handler.o
timer_value         0x4               appusbsensormain.o
adc_spi_in          0x2               appusbsensormain.o
global_state_poweron_stable
                    0x1               appusbsensormain.o
timer_last_compare  0x2               appusbsensormain.o
usb_stack_event     0x2               usb_stack.o
last_packet_number  0x2               appusbsensormain.o
debug_buffer        0xff              serial_debug.o
sample_packets      0x74              appusbsensormain.o
global_teds         0x95              appusbsensormain.o
debug_buffer_head   0x1               serial_debug.o
usb_stack_configuration_number
                    0x1               usb_stack_std.o
adc_spi_out         0x2               appusbsensormain.o
global_state_poweronticks
                    0x4               appusbsensormain.o
timer_compare_index
                    0x1               appusbsensormain.o
adc_accum           0x2               appusbsensormain.o
adc_state           0x1               appusbsensormain.o

Memory Configuration

Name             Origin             Length             Attributes
text             0x00000000         0x00020000         xr
data             0x00800100         0x0000ffa0         rw !x
eeprom           0x00810000         0x00010000         rw !x
*default*        0x00000000         0xffffffff

Linker script and memory map

Address of section .data set to 0x800100
LOAD c:/winavr-20100110/bin/../lib/gcc/avr/4.3.3/../../../../avr/lib/avr51/crtusb1287.o
LOAD appusbsensormain.o
LOAD usb_stack.o
LOAD usb_stack_std.o
LOAD usb_drv_wrap.o
LOAD hid_handler.o
LOAD serial_debug.o
LOAD teds.o
LOAD c:/winavr-20100110/bin/../lib/gcc/avr/4.3.3/avr51\libgcc.a
LOAD c:/winavr-20100110/bin/../lib/gcc/avr/4.3.3/../../../../avr/lib/avr51\libc.a
LOAD c:/winavr-20100110/bin/../lib/gcc/avr/4.3.3/avr51\libgcc.a

.hash
 *(.hash)

.dynsym
 *(.dynsym)

.dynstr
 *(.dynstr)

.gnu.version
 *(.gnu.version)

.gnu.version_d
 *(.gnu.version_d)

.gnu.version_r
 *(.gnu.version_r)

.rel.init
 *(.rel.init)

.rela.init
 *(.rela.init)

.rel.text
 *(.rel.text)
 *(.rel.text.*)
 *(.rel.gnu.linkonce.t*)

.rela.text
 *(.rela.text)
 *(.rela.text.*)
 *(.rela.gnu.linkonce.t*)

.rel.fini
 *(.rel.fini)

.rela.fini
 *(.rela.fini)

.rel.rodata
 *(.rel.rodata)
 *(.rel.rodata.*)
 *(.rel.gnu.linkonce.r*)

.rela.rodata
 *(.rela.rodata)
 *(.rela.rodata.*)
 *(.rela.gnu.linkonce.r*)

.rel.data
 *(.rel.data)
 *(.rel.data.*)
 *(.rel.gnu.linkonce.d*)

.rela.data
 *(.rela.data)
 *(.rela.data.*)
 *(.rela.gnu.linkonce.d*)

.rel.ctors
 *(.rel.ctors)

.rela.ctors
 *(.rela.ctors)

.rel.dtors
 *(.rel.dtors)

.rela.dtors
 *(.rela.dtors)

.rel.got
 *(.rel.got)

.rela.got
 *(.rela.got)

.rel.bss
 *(.rel.bss)

.rela.bss
 *(.rela.bss)

.rel.plt
 *(.rel.plt)

.rela.plt
 *(.rela.plt)

.text           0x00000000     0x185e
 *(.vectors)
 .vectors       0x00000000       0x98 c:/winavr-20100110/bin/../lib/gcc/avr/4.3.3/../../../../avr/lib/avr51/crtusb1287.o
                0x00000000                __vectors
                0x00000098                __ctors_start = .
 *(.ctors)
                0x00000098                __ctors_end = .
                0x00000098                __dtors_start = .
 *(.dtors)
                0x00000098                __dtors_end = .
 *(.progmem.gcc*)
 *(.progmem*)
 .progmem.data  0x00000098      0x134 usb_stack_std.o
                0x000001c8                usb_user_language_id
                0x00000127                usb_dev_desc
                0x0000017c                usb_user_product_string_descriptor
                0x000001c0                usb_user_serial_number
                0x00000162                usb_user_manufacturer_string_descriptor
                0x00000098                usb_hid_report_descriptor
                0x00000139                usb_conf_desc
                0x000001cc                . = ALIGN (0x2)
 *(.init0)
 .init0         0x000001cc        0x0 c:/winavr-20100110/bin/../lib/gcc/avr/4.3.3/../../../../avr/lib/avr51/crtusb1287.o
                0x000001cc                __init
 *(.init1)
 *(.init2)
 .init2         0x000001cc        0xc c:/winavr-20100110/bin/../lib/gcc/avr/4.3.3/../../../../avr/lib/avr51/crtusb1287.o
 *(.init3)
 *(.init4)
 .init4         0x000001d8       0x1a c:/winavr-20100110/bin/../lib/gcc/avr/4.3.3/../../../../avr/lib/avr51/crtusb1287.o
                0x000001d8                __do_copy_data
 .init4         0x000001f2       0x10 c:/winavr-20100110/bin/../lib/gcc/avr/4.3.3/avr51\libgcc.a(_clear_bss.o)
                0x000001f2                __do_clear_bss
 *(.init5)
 *(.init6)
 *(.init7)
 *(.init8)
 *(.init9)
 .init9         0x00000202        0x8 c:/winavr-20100110/bin/../lib/gcc/avr/4.3.3/../../../../avr/lib/avr51/crtusb1287.o
 *(.text)
 .text          0x0000020a        0x4 c:/winavr-20100110/bin/../lib/gcc/avr/4.3.3/../../../../avr/lib/avr51/crtusb1287.o
                0x0000020a                __vector_22
                0x0000020a                __vector_28
                0x0000020a                __vector_1
                0x0000020a                __vector_32
                0x0000020a                __vector_34
                0x0000020a                __vector_12
                0x0000020a                __bad_interrupt
                0x0000020a                __vector_6
                0x0000020a                __vector_31
                0x0000020a                __vector_35
                0x0000020a                __vector_3
                0x0000020a                __vector_23
                0x0000020a                __vector_30
                0x0000020a                __vector_25
                0x0000020a                __vector_11
                0x0000020a                __vector_13
                0x0000020a                __vector_17
                0x0000020a                __vector_19
                0x0000020a                __vector_7
                0x0000020a                __vector_27
                0x0000020a                __vector_5
                0x0000020a                __vector_33
                0x0000020a                __vector_37
                0x0000020a                __vector_4
                0x0000020a                __vector_9
                0x0000020a                __vector_2
                0x0000020a                __vector_21
                0x0000020a                __vector_15
                0x0000020a                __vector_36
                0x0000020a                __vector_29
                0x0000020a                __vector_8
                0x0000020a                __vector_26
                0x0000020a                __vector_14
                0x0000020a                __vector_16
                0x0000020a                __vector_18
 .text          0x0000020e      0x748 appusbsensormain.o
                0x00000628                accum_sample
                0x000005fa                accum_sample_p
                0x00000756                __vector_24
                0x000003de                adc_sample
                0x0000040e                adctimer_next_compare
                0x00000448                adctimer_start
                0x000003c2                adc_spi_deassert
                0x0000026a                get_report_FEATURE_QUERYTEDS_PAGE
                0x000004e4                adc_initialize
                0x000003a2                service_hid_interrupt_endpoint
                0x00000318                service_hid_send_samples_report
                0x000007e0                set_report_FEATURE_QUERYTEDS_PAGE
                0x00000844                serviceteds_state
                0x0000065e                __vector_default
                0x000003c6                adc_spitransfer
                0x000008a6                main
                0x00000646                appusbsensor_poweron_stable
                0x0000020e                get_report_FEATURE_QUERYTEDS_STATE
                0x0000081c                usb_stack_hid_user_set_report
                0x000002d2                usb_stack_hid_user_get_report
                0x0000052e                flip_sample_packet
                0x000003be                adc_spi_assert
                0x000007c6                set_report_cmd_reset
                0x000002f6                appusbsensor_set_configuration
                0x00000458                __vector_20
                0x000006b2                adc_spi_xfer_complete
 .text          0x00000956      0x298 usb_stack.o
                0x00000b76                usb_stack_service
                0x00000956                usb_stack_init_device
                0x000009cc                __vector_10
 .text          0x00000bee      0x670 usb_stack_std.o
                0x00000cf2                usb_stack_std_get_interface
                0x00000f28                usb_stack_std_get_descriptor
                0x00000bee                usb_stack_std_set_feature
                0x000010fa                usb_stack_user_endpoint_init
                0x00000dc8                usb_stack_std_clear_feature
                0x00000c70                usb_stack_std_get_status
                0x00000d26                usb_stack_read_control_write
                0x00001136                usb_stack_std_process_request
                0x00000e90                usb_stack_std_get_configuration
                0x00000d92                usb_stack_ack_control_write
                0x0000110a                usb_stack_std_set_configuration
                0x00000d08                usb_stack_std_set_interface
                0x00000edc                usb_stack_std_set_address
 .text          0x0000125e       0xc8 usb_drv_wrap.o
                0x0000128e                usb_select_enpoint_interrupt
                0x000012c6                usb_read_packet
                0x000012f6                usb_init_device
                0x000012a6                usb_send_packet
                0x0000125e                usb_config_ep
                0x000012e6                usb_halt_endpoint
 .text          0x00001326      0x12c hid_handler.o
                0x00001364                process_user_get_interface_request
                0x00001326                process_user_set_configuration_request
                0x0000139c                usb_stack_user_process_request
                0x00001428                set_report_REPORT_OUT_CMD_DEVICE_RESET
 .text          0x00001452      0x1ea serial_debug.o
                0x0000146a                debug_service
                0x00001524                debug_write_nl
                0x00001562                debug_write_hex
                0x000014d8                debug_write_string
                0x00001452                debug_init
                0x000014a6                debug_service_all
                0x000014ba                debug_write
 .text          0x0000163c      0x21e teds.o
                0x00001648                teds_port_deassert
                0x0000164e                teds_port_passive_input
                0x00001780                teds_write_memory
                0x00001654                teds_port_sample
                0x0000165a                teds_init
                0x0000163c                teds_port_active_input
                0x000016b6                teds_write_byte
                0x000016e2                teds_read_rom33
                0x00001722                teds_read_memory
                0x000016da                teds_read_byte
                0x00001660                teds_detect
                0x00001688                teds_io
                0x00001642                teds_port_assert
 .text          0x0000185a        0x0 c:/winavr-20100110/bin/../lib/gcc/avr/4.3.3/avr51\libgcc.a(_exit.o)
 .text          0x0000185a        0x0 c:/winavr-20100110/bin/../lib/gcc/avr/4.3.3/avr51\libgcc.a(_clear_bss.o)
                0x0000185a                . = ALIGN (0x2)
 *(.text.*)
 .text.libgcc   0x0000185a        0x0 c:/winavr-20100110/bin/../lib/gcc/avr/4.3.3/avr51\libgcc.a(_exit.o)
 .text.libgcc   0x0000185a        0x0 c:/winavr-20100110/bin/../lib/gcc/avr/4.3.3/avr51\libgcc.a(_clear_bss.o)
                0x0000185a                . = ALIGN (0x2)
 *(.fini9)
 .fini9         0x0000185a        0x0 c:/winavr-20100110/bin/../lib/gcc/avr/4.3.3/avr51\libgcc.a(_exit.o)
                0x0000185a                exit
                0x0000185a                _exit
 *(.fini8)
 *(.fini7)
 *(.fini6)
 *(.fini5)
 *(.fini4)
 *(.fini3)
 *(.fini2)
 *(.fini1)
 *(.fini0)
 .fini0         0x0000185a        0x4 c:/winavr-20100110/bin/../lib/gcc/avr/4.3.3/avr51\libgcc.a(_exit.o)
                0x0000185e                _etext = .

.trampolines    0x0000185e        0x0
 .trampolines   0x0000185e        0x0 linker stubs

.data           0x00800100       0x6c load address 0x0000185e
                0x00800100                PROVIDE (__data_start, .)
 *(.data)
 .data          0x00800100        0x0 c:/winavr-20100110/bin/../lib/gcc/avr/4.3.3/../../../../avr/lib/avr51/crtusb1287.o
 .data          0x00800100       0x54 appusbsensormain.o
                0x00800150                TIMER_COMPARE_LENGTH
                0x00800152                lock_sample_packet_index
                0x00800148                TIMER_COMPARE_VALUES
                0x00800153                can_read_sample_packet_index
                0x00800151                samples_per_packet
 .data          0x00800154        0x0 usb_stack.o
 .data          0x00800154       0x17 usb_stack_std.o
 .data          0x0080016b        0x0 usb_drv_wrap.o
 .data          0x0080016b        0x0 hid_handler.o
 .data          0x0080016b        0x0 serial_debug.o
 .data          0x0080016b        0x0 teds.o
 .data          0x0080016b        0x0 c:/winavr-20100110/bin/../lib/gcc/avr/4.3.3/avr51\libgcc.a(_exit.o)
 .data          0x0080016b        0x0 c:/winavr-20100110/bin/../lib/gcc/avr/4.3.3/avr51\libgcc.a(_clear_bss.o)
 *(.gnu.linkonce.d*)
                0x0080016c                . = ALIGN (0x2)
 *fill*         0x0080016b        0x1 00
                0x0080016c                _edata = .
                0x0080016c                PROVIDE (__data_end, .)

.bss            0x0080016c      0x22a load address 0x000018ca
                0x0080016c                PROVIDE (__bss_start, .)
 *(.bss)
 .bss           0x0080016c        0x0 c:/winavr-20100110/bin/../lib/gcc/avr/4.3.3/../../../../avr/lib/avr51/crtusb1287.o
 .bss           0x0080016c        0x2 appusbsensormain.o
                0x0080016d                requested_reporttype
                0x0080016c                write_sample_packet_index
 .bss           0x0080016e        0x0 usb_stack.o
 .bss           0x0080016e        0x1 usb_stack_std.o
 .bss           0x0080016f        0x0 usb_drv_wrap.o
 .bss           0x0080016f        0x0 hid_handler.o
 .bss           0x0080016f        0x0 serial_debug.o
 .bss           0x0080016f        0x0 teds.o
 .bss           0x0080016f        0x0 c:/winavr-20100110/bin/../lib/gcc/avr/4.3.3/avr51\libgcc.a(_exit.o)
 .bss           0x0080016f        0x0 c:/winavr-20100110/bin/../lib/gcc/avr/4.3.3/avr51\libgcc.a(_clear_bss.o)
 *(COMMON)
 COMMON         0x0080016f      0x120 appusbsensormain.o
                0x0080016f                adc_spi_count
                0x00800170                last_packetticks
                0x00800171                timer_value
                0x00800175                adc_spi_in
                0x00800177                global_state_poweron_stable
                0x00800178                timer_last_compare
                0x0080017a                last_packet_number
                0x0080017c                sample_packets
                0x008001f0                global_teds
                0x00800285                adc_spi_out
                0x00800287                global_state_poweronticks
                0x0080028b                timer_compare_index
                0x0080028c                adc_accum
                0x0080028e                adc_state
 COMMON         0x0080028f        0x3 usb_stack.o
                0x0080028f                usb_stack_connected
                0x00800290                usb_stack_event
 COMMON         0x00800292        0x1 usb_stack_std.o
                0x00800292                usb_stack_configuration_number
 COMMON         0x00800293        0x2 hid_handler.o
                0x00800293                wInterface
 COMMON         0x00800295      0x101 serial_debug.o
                0x00800295                debug_buffertail
                0x00800296                debug_buffer
                0x00800395                debug_buffer_head
                0x00800396                PROVIDE (__bss_end, .)
                0x0000185e                __data_load_start = LOADADDR (.data)
                0x000018ca                __data_load_end = (__data_load_start + SIZEOF (.data))

.noinit         0x00800396        0x0
                0x00800396                PROVIDE (__noinit_start, .)
 *(.noinit*)
                0x00800396                PROVIDE (__noinit_end, .)
                0x00800396                _end = .
                0x00800396                PROVIDE (__heap_start, .)

.eeprom         0x00810000        0x0
 *(.eeprom*)
                0x00810000                __eeprom_end = .

.stab
 *(.stab)

.stabstr
 *(.stabstr)

.stab.excl
 *(.stab.excl)

.stab.exclstr
 *(.stab.exclstr)

.stab.index
 *(.stab.index)

.stab.indexstr
 *(.stab.indexstr)

.comment
 *(.comment)

.debug
 *(.debug)

.line
 *(.line)

.debug_srcinfo
 *(.debug_srcinfo)

.debug_sfnames
 *(.debug_sfnames)

.debug_aranges  0x00000000       0xe0
 *(.debug_aranges)
 .debug_aranges
                0x00000000       0x20 appusbsensormain.o
 .debug_aranges
                0x00000020       0x20 usb_stack.o
 .debug_aranges
                0x00000040       0x20 usb_stack_std.o
 .debug_aranges
                0x00000060       0x20 usb_drv_wrap.o
 .debug_aranges
                0x00000080       0x20 hid_handler.o
 .debug_aranges
                0x000000a0       0x20 serial_debug.o
 .debug_aranges
                0x000000c0       0x20 teds.o

.debug_pubnames
                0x00000000      0xadd
 *(.debug_pubnames)
 .debug_pubnames
                0x00000000      0x477 appusbsensormain.o
 .debug_pubnames
                0x00000477       0x7e usb_stack.o
 .debug_pubnames
                0x000004f5      0x2a3 usb_stack_std.o
 .debug_pubnames
                0x00000798       0x97 usb_drv_wrap.o
 .debug_pubnames
                0x0000082f       0xc1 hid_handler.o
 .debug_pubnames
                0x000008f0       0xd3 serial_debug.o
 .debug_pubnames
                0x000009c3      0x11a teds.o

.debug_info     0x00000000     0x1fda
 *(.debug_info)
 .debug_info    0x00000000      0x93e appusbsensormain.o
 .debug_info    0x0000093e      0x10d usb_stack.o
 .debug_info    0x00000a4b      0xa5e usb_stack_std.o
 .debug_info    0x000014a9      0x1f3 usb_drv_wrap.o
 .debug_info    0x0000169c      0x18a hid_handler.o
 .debug_info    0x00001826      0x2dd serial_debug.o
 .debug_info    0x00001b03      0x4d7 teds.o
 *(.gnu.linkonce.wi.*)

.debug_abbrev   0x00000000      0xb40
 *(.debug_abbrev)
 .debug_abbrev  0x00000000      0x30b appusbsensormain.o
 .debug_abbrev  0x0000030b       0x91 usb_stack.o
 .debug_abbrev  0x0000039c      0x2ba usb_stack_std.o
 .debug_abbrev  0x00000656       0xcc usb_drv_wrap.o
 .debug_abbrev  0x00000722       0xd2 hid_handler.o
 .debug_abbrev  0x000007f4      0x17c serial_debug.o
 .debug_abbrev  0x00000970      0x1d0 teds.o

.debug_line     0x00000000     0x1d97
 *(.debug_line)
 .debug_line    0x00000000      0x8e1 appusbsensormain.o
 .debug_line    0x000008e1      0x29a usb_stack.o
 .debug_line    0x00000b7b      0x7c0 usb_stack_std.o
 .debug_line    0x0000133b      0x1b9 usb_drv_wrap.o
 .debug_line    0x000014f4      0x1d6 hid_handler.o
 .debug_line    0x000016ca      0x29e serial_debug.o
 .debug_line    0x00001968      0x42f teds.o

.debug_frame    0x00000000      0x500
 *(.debug_frame)
 .debug_frame   0x00000000      0x1b0 appusbsensormain.o
 .debug_frame   0x000001b0       0x50 usb_stack.o
 .debug_frame   0x00000200       0xe0 usb_stack_std.o
 .debug_frame   0x000002e0       0x70 usb_drv_wrap.o
 .debug_frame   0x00000350       0x50 hid_handler.o
 .debug_frame   0x000003a0       0x80 serial_debug.o
 .debug_frame   0x00000420       0xe0 teds.o

.debug_str      0x00000000     0x102c
 *(.debug_str)
 .debug_str     0x00000000      0x5e9 appusbsensormain.o
                                0x670 (size before relaxing)
 .debug_str     0x000005e9       0x87 usb_stack.o
                                0x172 (size before relaxing)
 .debug_str     0x00000670      0x629 usb_stack_std.o
                                0x76f (size before relaxing)
 .debug_str     0x00000c99       0xd6 usb_drv_wrap.o
                                0x1c1 (size before relaxing)
 .debug_str     0x00000d6f       0xea hid_handler.o
                                0x1ef (size before relaxing)
 .debug_str     0x00000e59       0xb7 serial_debug.o
                                0x1ac (size before relaxing)
 .debug_str     0x00000f10      0x11c teds.o
                                0x262 (size before relaxing)

.debug_loc      0x00000000      0xbd9
 *(.debug_loc)
 .debug_loc     0x00000000      0x459 appusbsensormain.o
 .debug_loc     0x00000459      0x354 usb_stack_std.o
 .debug_loc     0x000007ad      0x101 usb_drv_wrap.o
 .debug_loc     0x000008ae       0xc2 hid_handler.o
 .debug_loc     0x00000970       0x77 serial_debug.o
 .debug_loc     0x000009e7      0x1f2 teds.o

.debug_macinfo
 *(.debug_macinfo)
OUTPUT(appusbsensor.elf elf32-avr)
LOAD linker stubs

.debug_ranges   0x00000000       0x30
 .debug_ranges  0x00000000       0x18 usb_stack_std.o
 .debug_ranges  0x00000018       0x18 serial_debug.o

Cross Reference Table

Symbol                                            File
TIMER_COMPARE_LENGTH                              appusbsensormain.o
TIMER_COMPARE_VALUES                              appusbsensormain.o
__bad_interrupt                                   c:/winavr-20100110/bin/../lib/gcc/avr/4.3.3/../../../../avr/lib/avr51/crtusb1287.o
__bss_end                                         c:/winavr-20100110/bin/../lib/gcc/avr/4.3.3/avr51\libgcc.a(_clear_bss.o)
__bss_start                                       c:/winavr-20100110/bin/../lib/gcc/avr/4.3.3/avr51\libgcc.a(_clear_bss.o)
__data_end                                        c:/winavr-20100110/bin/../lib/gcc/avr/4.3.3/../../../../avr/lib/avr51/crtusb1287.o
__data_load_start                                 c:/winavr-20100110/bin/../lib/gcc/avr/4.3.3/../../../../avr/lib/avr51/crtusb1287.o
__data_start                                      c:/winavr-20100110/bin/../lib/gcc/avr/4.3.3/../../../../avr/lib/avr51/crtusb1287.o
__do_clear_bss                                    c:/winavr-20100110/bin/../lib/gcc/avr/4.3.3/avr51\libgcc.a(_clear_bss.o)
                                                  serial_debug.o
                                                  hid_handler.o
                                                  usb_stack_std.o
                                                  usb_stack.o
                                                  appusbsensormain.o
__do_copy_data                                    c:/winavr-20100110/bin/../lib/gcc/avr/4.3.3/../../../../avr/lib/avr51/crtusb1287.o
                                                  usb_stack_std.o
                                                  appusbsensormain.o
__heap_end                                        c:/winavr-20100110/bin/../lib/gcc/avr/4.3.3/../../../../avr/lib/avr51/crtusb1287.o
__init                                            c:/winavr-20100110/bin/../lib/gcc/avr/4.3.3/../../../../avr/lib/avr51/crtusb1287.o
__stack                                           c:/winavr-20100110/bin/../lib/gcc/avr/4.3.3/../../../../avr/lib/avr51/crtusb1287.o
__vector_1                                        c:/winavr-20100110/bin/../lib/gcc/avr/4.3.3/../../../../avr/lib/avr51/crtusb1287.o
__vector_10                                       usb_stack.o
                                                  c:/winavr-20100110/bin/../lib/gcc/avr/4.3.3/../../../../avr/lib/avr51/crtusb1287.o
__vector_11                                       c:/winavr-20100110/bin/../lib/gcc/avr/4.3.3/../../../../avr/lib/avr51/crtusb1287.o
__vector_12                                       c:/winavr-20100110/bin/../lib/gcc/avr/4.3.3/../../../../avr/lib/avr51/crtusb1287.o
__vector_13                                       c:/winavr-20100110/bin/../lib/gcc/avr/4.3.3/../../../../avr/lib/avr51/crtusb1287.o
__vector_14                                       c:/winavr-20100110/bin/../lib/gcc/avr/4.3.3/../../../../avr/lib/avr51/crtusb1287.o
__vector_15                                       c:/winavr-20100110/bin/../lib/gcc/avr/4.3.3/../../../../avr/lib/avr51/crtusb1287.o
__vector_16                                       c:/winavr-20100110/bin/../lib/gcc/avr/4.3.3/../../../../avr/lib/avr51/crtusb1287.o
__vector_17                                       c:/winavr-20100110/bin/../lib/gcc/avr/4.3.3/../../../../avr/lib/avr51/crtusb1287.o
__vector_18                                       c:/winavr-20100110/bin/../lib/gcc/avr/4.3.3/../../../../avr/lib/avr51/crtusb1287.o
__vector_19                                       c:/winavr-20100110/bin/../lib/gcc/avr/4.3.3/../../../../avr/lib/avr51/crtusb1287.o
__vector_2                                        c:/winavr-20100110/bin/../lib/gcc/avr/4.3.3/../../../../avr/lib/avr51/crtusb1287.o
__vector_20                                       appusbsensormain.o
                                                  c:/winavr-20100110/bin/../lib/gcc/avr/4.3.3/../../../../avr/lib/avr51/crtusb1287.o
__vector_21                                       c:/winavr-20100110/bin/../lib/gcc/avr/4.3.3/../../../../avr/lib/avr51/crtusb1287.o
__vector_22                                       c:/winavr-20100110/bin/../lib/gcc/avr/4.3.3/../../../../avr/lib/avr51/crtusb1287.o
__vector_23                                       c:/winavr-20100110/bin/../lib/gcc/avr/4.3.3/../../../../avr/lib/avr51/crtusb1287.o
__vector_24                                       appusbsensormain.o
                                                  c:/winavr-20100110/bin/../lib/gcc/avr/4.3.3/../../../../avr/lib/avr51/crtusb1287.o
__vector_25                                       c:/winavr-20100110/bin/../lib/gcc/avr/4.3.3/../../../../avr/lib/avr51/crtusb1287.o
__vector_26                                       c:/winavr-20100110/bin/../lib/gcc/avr/4.3.3/../../../../avr/lib/avr51/crtusb1287.o
__vector_27                                       c:/winavr-20100110/bin/../lib/gcc/avr/4.3.3/../../../../avr/lib/avr51/crtusb1287.o
__vector_28                                       c:/winavr-20100110/bin/../lib/gcc/avr/4.3.3/../../../../avr/lib/avr51/crtusb1287.o
__vector_29                                       c:/winavr-20100110/bin/../lib/gcc/avr/4.3.3/../../../../avr/lib/avr51/crtusb1287.o
__vector_3                                        c:/winavr-20100110/bin/../lib/gcc/avr/4.3.3/../../../../avr/lib/avr51/crtusb1287.o
__vector_30                                       c:/winavr-20100110/bin/../lib/gcc/avr/4.3.3/../../../../avr/lib/avr51/crtusb1287.o
__vector_31                                       c:/winavr-20100110/bin/../lib/gcc/avr/4.3.3/../../../../avr/lib/avr51/crtusb1287.o
__vector_32                                       c:/winavr-20100110/bin/../lib/gcc/avr/4.3.3/../../../../avr/lib/avr51/crtusb1287.o
__vector_33                                       c:/winavr-20100110/bin/../lib/gcc/avr/4.3.3/../../../../avr/lib/avr51/crtusb1287.o
__vector_34                                       c:/winavr-20100110/bin/../lib/gcc/avr/4.3.3/../../../../avr/lib/avr51/crtusb1287.o
__vector_35                                       c:/winavr-20100110/bin/../lib/gcc/avr/4.3.3/../../../../avr/lib/avr51/crtusb1287.o
__vector_36                                       c:/winavr-20100110/bin/../lib/gcc/avr/4.3.3/../../../../avr/lib/avr51/crtusb1287.o
__vector_37                                       c:/winavr-20100110/bin/../lib/gcc/avr/4.3.3/../../../../avr/lib/avr51/crtusb1287.o
__vector_4                                        c:/winavr-20100110/bin/../lib/gcc/avr/4.3.3/../../../../avr/lib/avr51/crtusb1287.o
__vector_5                                        c:/winavr-20100110/bin/../lib/gcc/avr/4.3.3/../../../../avr/lib/avr51/crtusb1287.o
__vector_6                                        c:/winavr-20100110/bin/../lib/gcc/avr/4.3.3/../../../../avr/lib/avr51/crtusb1287.o
__vector_7                                        c:/winavr-20100110/bin/../lib/gcc/avr/4.3.3/../../../../avr/lib/avr51/crtusb1287.o
__vector_8                                        c:/winavr-20100110/bin/../lib/gcc/avr/4.3.3/../../../../avr/lib/avr51/crtusb1287.o
__vector_9                                        c:/winavr-20100110/bin/../lib/gcc/avr/4.3.3/../../../../avr/lib/avr51/crtusb1287.o
__vector_default                                  appusbsensormain.o
                                                  c:/winavr-20100110/bin/../lib/gcc/avr/4.3.3/../../../../avr/lib/avr51/crtusb1287.o
__vectors                                         c:/winavr-20100110/bin/../lib/gcc/avr/4.3.3/../../../../avr/lib/avr51/crtusb1287.o
_exit                                             c:/winavr-20100110/bin/../lib/gcc/avr/4.3.3/avr51\libgcc.a(_exit.o)
accum_sample                                      appusbsensormain.o
accum_sample_p                                    appusbsensormain.o
adc_accum                                         appusbsensormain.o
adc_initialize                                    appusbsensormain.o
adc_sample                                        appusbsensormain.o
adc_spi_assert                                    appusbsensormain.o
adc_spi_count                                     appusbsensormain.o
adc_spi_deassert                                  appusbsensormain.o
adc_spi_in                                        appusbsensormain.o
adc_spi_out                                       appusbsensormain.o
adc_spi_xfer_complete                             appusbsensormain.o
adc_spitransfer                                   appusbsensormain.o
adc_state                                         appusbsensormain.o
adctimer_next_compare                             appusbsensormain.o
adctimer_start                                    appusbsensormain.o
appusbsensor_poweron_stable                       appusbsensormain.o
appusbsensor_set_configuration                    appusbsensormain.o
                                                  usb_stack_std.o
can_read_sample_packet_index                      appusbsensormain.o
debug_buffer                                      serial_debug.o
debug_buffer_head                                 serial_debug.o
debug_buffertail                                  serial_debug.o
debug_init                                        serial_debug.o
debug_service                                     serial_debug.o
debug_service_all                                 serial_debug.o
debug_write                                       serial_debug.o
                                                  usb_stack_std.o
debug_write_hex                                   serial_debug.o
                                                  usb_stack_std.o
                                                  appusbsensormain.o
debug_write_nl                                    serial_debug.o
                                                  usb_stack_std.o
                                                  appusbsensormain.o
debug_write_string                                serial_debug.o
                                                  usb_stack_std.o
                                                  appusbsensormain.o
exit                                              c:/winavr-20100110/bin/../lib/gcc/avr/4.3.3/avr51\libgcc.a(_exit.o)
                                                  c:/winavr-20100110/bin/../lib/gcc/avr/4.3.3/../../../../avr/lib/avr51/crtusb1287.o
flip_sample_packet                                appusbsensormain.o
get_report_FEATURE_QUERYTEDS_PAGE                 appusbsensormain.o
get_report_FEATURE_QUERYTEDS_STATE                appusbsensormain.o
global_state_poweron_stable                       appusbsensormain.o
global_state_poweronticks                         appusbsensormain.o
global_teds                                       appusbsensormain.o
last_packet_number                                appusbsensormain.o
last_packetticks                                  appusbsensormain.o
lock_sample_packet_index                          appusbsensormain.o
main                                              appusbsensormain.o
                                                  c:/winavr-20100110/bin/../lib/gcc/avr/4.3.3/../../../../avr/lib/avr51/crtusb1287.o
process_user_get_interface_request                hid_handler.o
process_user_set_configuration_request            hid_handler.o
requested_reporttype                              appusbsensormain.o
sample_packets                                    appusbsensormain.o
samples_per_packet                                appusbsensormain.o
service_hid_interrupt_endpoint                    appusbsensormain.o
service_hid_send_samples_report                   appusbsensormain.o
serviceteds_state                                 appusbsensormain.o
set_report_FEATURE_QUERYTEDS_PAGE                 appusbsensormain.o
set_report_REPORT_OUT_CMD_DEVICE_RESET            hid_handler.o
                                                  appusbsensormain.o
set_report_cmd_reset                              appusbsensormain.o
teds_detect                                       teds.o
teds_init                                         teds.o
                                                  appusbsensormain.o
teds_io                                           teds.o
teds_port_active_input                            teds.o
teds_port_assert                                  teds.o
teds_port_deassert                                teds.o
teds_port_passive_input                           teds.o
teds_port_sample                                  teds.o
teds_read_byte                                    teds.o
teds_read_memory                                  teds.o
                                                  appusbsensormain.o
teds_read_rom33                                   teds.o
                                                  appusbsensormain.o
teds_write_byte                                   teds.o
teds_write_memory                                 teds.o
                                                  appusbsensormain.o
timer_compare_index                               appusbsensormain.o
timer_last_compare                                appusbsensormain.o
timer_value                                       appusbsensormain.o
usb_conf_desc                                     usb_stack_std.o
usb_config_ep                                     usb_drv_wrap.o
                                                  usb_stack_std.o
                                                  usb_stack.o
usb_dev_desc                                      usb_stack_std.o
usb_halt_endpoint                                 usb_drv_wrap.o
usb_hid_report_descriptor                         usb_stack_std.o
usb_init_device                                   usb_drv_wrap.o
                                                  usb_stack.o
usb_read_packet                                   usb_drv_wrap.o
usb_select_enpoint_interrupt                      usb_drv_wrap.o
usb_send_packet                                   usb_drv_wrap.o
usb_stack_ack_control_write                       usb_stack_std.o
                                                  hid_handler.o
                                                  appusbsensormain.o
usb_stack_configuration_number                    usb_stack_std.o
                                                  appusbsensormain.o
usb_stack_connected                               usb_stack.o
usb_stack_event                                   usb_stack.o
usb_stack_hid_user_get_report                     appusbsensormain.o
                                                  hid_handler.o
usb_stack_hid_user_set_report                     appusbsensormain.o
                                                  hid_handler.o
usb_stack_init_device                             usb_stack.o
                                                  appusbsensormain.o
usb_stack_read_control_write                      usb_stack_std.o
                                                  hid_handler.o
                                                  appusbsensormain.o
usb_stack_service                                 usb_stack.o
                                                  appusbsensormain.o
usb_stack_std_clear_feature                       usb_stack_std.o
usb_stack_std_get_configuration                   usb_stack_std.o
usb_stack_std_get_descriptor                      usb_stack_std.o
usb_stack_std_get_interface                       usb_stack_std.o
usb_stack_std_get_status                          usb_stack_std.o
usb_stack_std_process_request                     usb_stack_std.o
                                                  usb_stack.o
usb_stack_std_set_address                         usb_stack_std.o
usb_stack_std_set_configuration                   usb_stack_std.o
usb_stack_std_set_feature                         usb_stack_std.o
usb_stack_std_set_interface                       usb_stack_std.o
usb_stack_user_endpoint_init                      usb_stack_std.o
usb_stack_user_process_request                    hid_handler.o
                                                  usb_stack_std.o
usb_user_language_id                              usb_stack_std.o
usb_user_manufacturer_string_descriptor           usb_stack_std.o
usb_user_product_string_descriptor                usb_stack_std.o
usb_user_serial_number                            usb_stack_std.o
wInterface                                        hid_handler.o
write_sample_packet_index                         appusbsensormain.o
